Resolving dependencies...
Downloading packages...
  _fe_analyzer_shared 67.0.0 (93.0.0 available)
  analyzer 6.4.1 (10.0.0 available)
  analyzer_plugin 0.11.3 (0.14.0 available)
  build 2.4.1 (4.0.3 available)
  build_config 1.1.2 (1.2.0 available)
  build_resolvers 2.4.2 (3.0.4 available)
  build_runner 2.4.13 (2.10.4 available)
  build_runner_core 7.3.2 (9.3.2 available)
  characters 1.4.0 (1.4.1 available)
  custom_lint 0.6.4 (0.8.1 available)
  custom_lint_builder 0.6.4 (0.8.1 available)
  custom_lint_core 0.6.3 (0.8.2 available)
  dart_style 2.3.6 (3.1.3 available)
  flutter_lints 3.0.2 (6.0.0 available)
  flutter_riverpod 2.6.1 (3.1.0 available)
  freezed_annotation 2.4.4 (3.1.0 available)
  go_router 13.2.5 (17.0.1 available)
  google_fonts 6.3.3 (7.0.0 available)
  lints 3.0.0 (6.0.0 available)
  matcher 0.12.17 (0.12.18 available)
  material_color_utilities 0.11.1 (0.13.0 available)
  riverpod 2.6.1 (3.1.0 available)
  riverpod_analyzer_utils 0.5.1 (0.5.10 available)
  riverpod_annotation 2.6.1 (4.0.0 available)
  riverpod_generator 2.4.0 (4.0.0+1 available)
  riverpod_lint 2.3.10 (3.1.0 available)
  rxdart 0.27.7 (0.28.0 available)
  shelf_web_socket 2.0.1 (3.0.0 available)
  source_gen 1.5.0 (4.1.1 available)
  test_api 0.7.7 (0.7.9 available)
  very_good_analysis 5.1.0 (10.0.0 available)
Got dependencies!
31 packages have newer versions incompatible with dependency constraints.
Try `flutter pub outdated` for more information.
Analyzing flutter_app...                                        

   info • Use 'package:' imports for files in the 'lib' directory • lib/app/app.dart:6:8 • always_use_package_imports
   info • Use 'package:' imports for files in the 'lib' directory • lib/app/app.dart:7:8 • always_use_package_imports
   info • Use 'package:' imports for files in the 'lib' directory • lib/app/router.dart:4:8 • always_use_package_imports
   info • Sort directive sections alphabetically • lib/app/router.dart:5:1 • directives_ordering
   info • Use 'package:' imports for files in the 'lib' directory • lib/app/router.dart:5:8 • always_use_package_imports
   info • Use 'package:' imports for files in the 'lib' directory • lib/app/router.dart:6:8 • always_use_package_imports
   info • Use 'package:' imports for files in the 'lib' directory • lib/app/router.dart:8:8 • always_use_package_imports
   info • Sort directive sections alphabetically • lib/app/router.dart:9:1 • directives_ordering
   info • Use 'package:' imports for files in the 'lib' directory • lib/app/router.dart:9:8 • always_use_package_imports
   info • Sort directive sections alphabetically • lib/app/router.dart:10:1 • directives_ordering
   info • Use 'package:' imports for files in the 'lib' directory • lib/app/router.dart:10:8 • always_use_package_imports
   info • Constructor declarations should be before non-constructor declarations • lib/app/router.dart:15:9 • sort_constructors_first
   info • Required named parameters should be before optional named parameters • lib/app/router.dart:15:51 • always_put_required_named_parameters_first
   info • Use 'package:' imports for files in the 'lib' directory • lib/design_system/app_theme.dart:3:8 • always_use_package_imports
   info • Use 'package:' imports for files in the 'lib' directory • lib/design_system/app_theme.dart:4:8 • always_use_package_imports
   info • Sort directive sections alphabetically • lib/design_system/app_theme.dart:5:1 • directives_ordering
   info • Use 'package:' imports for files in the 'lib' directory • lib/design_system/app_theme.dart:5:8 • always_use_package_imports
   info • Use 'package:' imports for files in the 'lib' directory • lib/design_system/app_theme.dart:6:8 • always_use_package_imports
warning • Unused import: 'shadows.dart' • lib/design_system/app_theme.dart:6:8 • unused_import
   info • Use 'package:' imports for files in the 'lib' directory • lib/design_system/app_theme.dart:7:8 • always_use_package_imports
   info • The value of the argument is redundant because it matches the default value • lib/design_system/app_theme.dart:30:18 • avoid_redundant_argument_values
  error • The argument type 'CardTheme' can't be assigned to the parameter type 'CardThemeData?'.  • lib/design_system/app_theme.dart:52:18 • argument_type_not_assignable
   info • 'withOpacity' is deprecated and shouldn't be used. Use .withValues() to avoid precision loss • lib/design_system/app_theme.dart:55:35 • deprecated_member_use
   info • The value of the argument is redundant because it matches the default value • lib/design_system/app_theme.dart:87:66 • avoid_redundant_argument_values
  error • The argument type 'DialogTheme' can't be assigned to the parameter type 'DialogThemeData?'.  • lib/design_system/app_theme.dart:164:20 • argument_type_not_assignable
   info • 'withOpacity' is deprecated and shouldn't be used. Use .withValues() to avoid precision loss • lib/design_system/app_theme.dart:216:38 • deprecated_member_use
   info • The value of the argument is redundant because it matches the default value • lib/design_system/app_theme.dart:275:18 • avoid_redundant_argument_values
   info • The value of the argument is redundant because it matches the default value • lib/design_system/app_theme.dart:276:20 • avoid_redundant_argument_values
  error • The argument type 'CardTheme' can't be assigned to the parameter type 'CardThemeData?'.  • lib/design_system/app_theme.dart:295:18 • argument_type_not_assignable
   info • 'withOpacity' is deprecated and shouldn't be used. Use .withValues() to avoid precision loss • lib/design_system/app_theme.dart:298:35 • deprecated_member_use
   info • Unnecessary use of a 'double' literal • lib/design_system/radius.dart:8:28 • prefer_int_literals
   info • Unnecessary use of a 'double' literal • lib/design_system/radius.dart:9:28 • prefer_int_literals
   info • Unnecessary use of a 'double' literal • lib/design_system/radius.dart:10:28 • prefer_int_literals
   info • Unnecessary use of a 'double' literal • lib/design_system/radius.dart:11:28 • prefer_int_literals
   info • The value of the argument is redundant because it matches the default value • lib/design_system/shadows.dart:15:21 • avoid_redundant_argument_values
   info • The value of the argument is redundant because it matches the default value • lib/design_system/shadows.dart:24:21 • avoid_redundant_argument_values
   info • The value of the argument is redundant because it matches the default value • lib/design_system/shadows.dart:33:21 • avoid_redundant_argument_values
   info • The value of the argument is redundant because it matches the default value • lib/design_system/shadows.dart:42:21 • avoid_redundant_argument_values
   info • The value of the argument is redundant because it matches the default value • lib/design_system/shadows.dart:51:21 • avoid_redundant_argument_values
   info • The value of the argument is redundant because it matches the default value • lib/design_system/shadows.dart:61:21 • avoid_redundant_argument_values
   info • The value of the argument is redundant because it matches the default value • lib/design_system/shadows.dart:70:21 • avoid_redundant_argument_values
   info • Unnecessary use of a 'double' literal • lib/design_system/spacing.dart:9:28 • prefer_int_literals
   info • Unnecessary use of a 'double' literal • lib/design_system/spacing.dart:10:28 • prefer_int_literals
   info • Unnecessary use of a 'double' literal • lib/design_system/spacing.dart:11:28 • prefer_int_literals
   info • Unnecessary use of a 'double' literal • lib/design_system/spacing.dart:12:28 • prefer_int_literals
   info • Unnecessary use of a 'double' literal • lib/design_system/spacing.dart:13:28 • prefer_int_literals
   info • Unnecessary use of a 'double' literal • lib/design_system/spacing.dart:14:29 • prefer_int_literals
   info • Unnecessary use of a 'double' literal • lib/design_system/spacing.dart:15:29 • prefer_int_literals
   info • Unnecessary use of a 'double' literal • lib/design_system/tokens.dart:5:28 • prefer_int_literals
   info • Unnecessary use of a 'double' literal • lib/design_system/tokens.dart:6:28 • prefer_int_literals
   info • Unnecessary use of a 'double' literal • lib/design_system/tokens.dart:7:28 • prefer_int_literals
   info • Unnecessary use of a 'double' literal • lib/design_system/tokens.dart:8:28 • prefer_int_literals
   info • Unnecessary use of a 'double' literal • lib/design_system/tokens.dart:9:28 • prefer_int_literals
   info • Unnecessary use of a 'double' literal • lib/design_system/tokens.dart:10:29 • prefer_int_literals
   info • Unnecessary use of a 'double' literal • lib/design_system/tokens.dart:11:30 • prefer_int_literals
   info • Unnecessary use of a 'double' literal • lib/design_system/tokens.dart:15:28 • prefer_int_literals
   info • Unnecessary use of a 'double' literal • lib/design_system/tokens.dart:16:28 • prefer_int_literals
   info • Unnecessary use of a 'double' literal • lib/design_system/tokens.dart:17:28 • prefer_int_literals
   info • Unnecessary use of a 'double' literal • lib/design_system/tokens.dart:18:28 • prefer_int_literals
  error • Invalid constant value • lib/design_system/typography.dart:85:16 • invalid_constant
  error • Invalid constant value • lib/design_system/typography.dart:93:16 • invalid_constant
  error • Invalid constant value • lib/design_system/typography.dart:101:16 • invalid_constant
  error • Invalid constant value • lib/design_system/typography.dart:109:16 • invalid_constant
   info • Use 'package:' imports for files in the 'lib' directory • lib/design_system/widgets/app_button.dart:4:8 • always_use_package_imports
   info • Use 'package:' imports for files in the 'lib' directory • lib/design_system/widgets/app_button.dart:5:8 • always_use_package_imports
   info • Use 'package:' imports for files in the 'lib' directory • lib/design_system/widgets/app_button.dart:6:8 • always_use_package_imports
   info • Constructor declarations should be before non-constructor declarations • lib/design_system/widgets/app_button.dart:18:9 • sort_constructors_first
   info • Required named parameters should be before optional named parameters • lib/design_system/widgets/app_button.dart:20:19 • always_put_required_named_parameters_first
   info • Required named parameters should be before optional named parameters • lib/design_system/widgets/app_button.dart:21:19 • always_put_required_named_parameters_first
   info • Local variables should be final • lib/design_system/widgets/app_button.dart:32:5 • prefer_final_locals
   info • Unnecessary use of a 'double' literal • lib/design_system/widgets/app_button.dart:38:51 • prefer_int_literals
   info • Unnecessary use of a 'double' literal • lib/design_system/widgets/app_button.dart:48:51 • prefer_int_literals
   info • Local variables should be final • lib/design_system/widgets/app_button.dart:75:5 • prefer_final_locals
   info • Unnecessary 'break' statement • lib/design_system/widgets/app_button.dart:81:9 • unnecessary_breaks
   info • Unnecessary 'break' statement • lib/design_system/widgets/app_button.dart:85:9 • unnecessary_breaks
   info • Unnecessary 'break' statement • lib/design_system/widgets/app_button.dart:89:9 • unnecessary_breaks
   info • Unnecessary 'break' statement • lib/design_system/widgets/app_button.dart:94:9 • unnecessary_breaks
   info • Unnecessary 'break' statement • lib/design_system/widgets/app_button.dart:98:9 • unnecessary_breaks
warning • The receiver can't be null, so the null-aware operator '?.' is unnecessary • lib/design_system/widgets/app_button.dart:104:34 • invalid_null_aware_operator
   info • 'withOpacity' is deprecated and shouldn't be used. Use .withValues() to avoid precision loss • lib/design_system/widgets/app_button.dart:104:36 • deprecated_member_use
warning • The receiver can't be null, so the null-aware operator '?.' is unnecessary • lib/design_system/widgets/app_button.dart:105:34 • invalid_null_aware_operator
   info • 'withOpacity' is deprecated and shouldn't be used. Use .withValues() to avoid precision loss • lib/design_system/widgets/app_button.dart:105:36 • deprecated_member_use
  error • The argument type 'TextStyle Function({Color? color})' can't be assigned to the parameter type 'TextStyle?'.  • lib/design_system/widgets/app_button.dart:112:18 • argument_type_not_assignable
   info • Use 'package:' imports for files in the 'lib' directory • lib/design_system/widgets/app_card.dart:3:8 • always_use_package_imports
   info • Use 'package:' imports for files in the 'lib' directory • lib/design_system/widgets/app_card.dart:4:8 • always_use_package_imports
   info • Constructor declarations should be before non-constructor declarations • lib/design_system/widgets/app_card.dart:13:9 • sort_constructors_first
   info • Required named parameters should be before optional named parameters • lib/design_system/widgets/app_card.dart:15:19 • always_put_required_named_parameters_first
   info • Use 'package:' imports for files in the 'lib' directory • lib/design_system/widgets/app_text_field.dart:3:8 • always_use_package_imports
warning • Unused import: '../colors.dart' • lib/design_system/widgets/app_text_field.dart:3:8 • unused_import
   info • Use 'package:' imports for files in the 'lib' directory • lib/design_system/widgets/app_text_field.dart:4:8 • always_use_package_imports
   info • Use 'package:' imports for files in the 'lib' directory • lib/design_system/widgets/app_text_field.dart:5:8 • always_use_package_imports
   info • Constructor declarations should be before non-constructor declarations • lib/design_system/widgets/app_text_field.dart:17:9 • sort_constructors_first
  error • The argument type 'TextStyle Function({Color? color})' can't be assigned to the parameter type 'TextStyle?'.  • lib/design_system/widgets/app_text_field.dart:40:18 • argument_type_not_assignable
   info • Use 'package:' imports for files in the 'lib' directory • lib/design_system/widgets/app_toast.dart:4:8 • always_use_package_imports
   info • Use 'package:' imports for files in the 'lib' directory • lib/design_system/widgets/app_toast.dart:5:8 • always_use_package_imports
   info • Sort directive sections alphabetically • lib/design_system/widgets/app_toast.dart:6:1 • directives_ordering
   info • Use 'package:' imports for files in the 'lib' directory • lib/design_system/widgets/app_toast.dart:6:8 • always_use_package_imports
  error • The method 'copyWith' isn't defined for the type 'Function' • lib/design_system/widgets/app_toast.dart:17:49 • undefined_method
  error • The getter 'surface' isn't defined for the type 'AppColors' • lib/design_system/widgets/app_toast.dart:18:48 • undefined_getter
  error • The getter 'surface' isn't defined for the type 'AppColors' • lib/design_system/widgets/app_toast.dart:30:34 • undefined_getter
  error • The getter 'surface' isn't defined for the type 'AppColors' • lib/design_system/widgets/app_toast.dart:38:34 • undefined_getter
   info • Use 'package:' imports for files in the 'lib' directory • lib/design_system/widgets/bottom_nav.dart:4:8 • always_use_package_imports
  error • Target of URI doesn't exist: '../design_system/colors.dart' • lib/design_system/widgets/bottom_nav.dart:4:8 • uri_does_not_exist
   info • Use 'package:' imports for files in the 'lib' directory • lib/design_system/widgets/bottom_nav.dart:5:8 • always_use_package_imports
  error • Target of URI doesn't exist: '../design_system/spacing.dart' • lib/design_system/widgets/bottom_nav.dart:5:8 • uri_does_not_exist
   info • Use 'package:' imports for files in the 'lib' directory • lib/design_system/widgets/bottom_nav.dart:6:8 • always_use_package_imports
  error • Target of URI doesn't exist: '../design_system/typography.dart' • lib/design_system/widgets/bottom_nav.dart:6:8 • uri_does_not_exist
  error • Undefined name 'AppColors' • lib/design_system/widgets/bottom_nav.dart:42:16 • undefined_identifier
  error • Invalid constant value • lib/design_system/widgets/bottom_nav.dart:44:34 • invalid_constant
  error • Undefined name 'AppColors' • lib/design_system/widgets/bottom_nav.dart:44:34 • undefined_identifier
   info • The value of the argument is redundant because it matches the default value • lib/design_system/widgets/bottom_nav.dart:44:59 • avoid_redundant_argument_values
  error • Invalid constant value • lib/design_system/widgets/bottom_nav.dart:51:25 • invalid_constant
  error • Undefined name 'AppSpacing' • lib/design_system/widgets/bottom_nav.dart:51:25 • undefined_identifier
  error • Invalid constant value • lib/design_system/widgets/bottom_nav.dart:52:23 • invalid_constant
  error • Undefined name 'AppSpacing' • lib/design_system/widgets/bottom_nav.dart:52:23 • undefined_identifier
  error • Undefined name 'AppColors' • lib/design_system/widgets/bottom_nav.dart:95:17 • undefined_identifier
  error • Undefined name 'AppColors' • lib/design_system/widgets/bottom_nav.dart:109:23 • undefined_identifier
  error • Undefined name 'AppColors' • lib/design_system/widgets/bottom_nav.dart:110:23 • undefined_identifier
  error • Undefined name 'AppTypography' • lib/design_system/widgets/bottom_nav.dart:116:22 • undefined_identifier
  error • Undefined name 'AppColors' • lib/design_system/widgets/bottom_nav.dart:118:23 • undefined_identifier
  error • Undefined name 'AppColors' • lib/design_system/widgets/bottom_nav.dart:119:23 • undefined_identifier
   info • Use 'package:' imports for files in the 'lib' directory • lib/design_system/widgets/content_card.dart:5:8 • always_use_package_imports
   info • Use 'package:' imports for files in the 'lib' directory • lib/design_system/widgets/content_card.dart:6:8 • always_use_package_imports
   info • Use 'package:' imports for files in the 'lib' directory • lib/design_system/widgets/content_card.dart:7:8 • always_use_package_imports
   info • Sort directive sections alphabetically • lib/design_system/widgets/content_card.dart:8:1 • directives_ordering
   info • Use 'package:' imports for files in the 'lib' directory • lib/design_system/widgets/content_card.dart:8:8 • always_use_package_imports
   info • To-do comment doesn't follow the Flutter style • lib/design_system/widgets/content_card.dart:145:5 • flutter_style_todos
   info • To-do comment doesn't follow the Flutter style • lib/design_system/widgets/content_card.dart:157:5 • flutter_style_todos
   info • 'withOpacity' is deprecated and shouldn't be used. Use .withValues() to avoid precision loss • lib/design_system/widgets/content_card.dart:204:37 • deprecated_member_use
   info • 'withOpacity' is deprecated and shouldn't be used. Use .withValues() to avoid precision loss • lib/design_system/widgets/content_card.dart:205:47 • deprecated_member_use
   info • 'withOpacity' is deprecated and shouldn't be used. Use .withValues() to avoid precision loss • lib/design_system/widgets/content_card.dart:206:37 • deprecated_member_use
   info • 'withOpacity' is deprecated and shouldn't be used. Use .withValues() to avoid precision loss • lib/design_system/widgets/content_card.dart:213:35 • deprecated_member_use
   info • 'withOpacity' is deprecated and shouldn't be used. Use .withValues() to avoid precision loss • lib/design_system/widgets/content_card.dart:231:37 • deprecated_member_use
   info • 'withOpacity' is deprecated and shouldn't be used. Use .withValues() to avoid precision loss • lib/design_system/widgets/content_card.dart:283:48 • deprecated_member_use
   info • 'withOpacity' is deprecated and shouldn't be used. Use .withValues() to avoid precision loss • lib/design_system/widgets/content_card.dart:349:37 • deprecated_member_use
   info • Use 'package:' imports for files in the 'lib' directory • lib/design_system/widgets/empty_state.dart:2:8 • always_use_package_imports
   info • Use 'package:' imports for files in the 'lib' directory • lib/design_system/widgets/empty_state.dart:3:8 • always_use_package_imports
   info • Use 'package:' imports for files in the 'lib' directory • lib/design_system/widgets/empty_state.dart:4:8 • always_use_package_imports
   info • Sort directive sections alphabetically • lib/design_system/widgets/empty_state.dart:5:1 • directives_ordering
   info • Use 'package:' imports for files in the 'lib' directory • lib/design_system/widgets/empty_state.dart:5:8 • always_use_package_imports
   info • Use 'package:' imports for files in the 'lib' directory • lib/design_system/widgets/library_tabs.dart:4:8 • always_use_package_imports
   info • Use 'package:' imports for files in the 'lib' directory • lib/design_system/widgets/library_tabs.dart:5:8 • always_use_package_imports
   info • Sort directive sections alphabetically • lib/design_system/widgets/library_tabs.dart:6:1 • directives_ordering
   info • Use 'package:' imports for files in the 'lib' directory • lib/design_system/widgets/library_tabs.dart:6:8 • always_use_package_imports
   info • 'withOpacity' is deprecated and shouldn't be used. Use .withValues() to avoid precision loss • lib/design_system/widgets/library_tabs.dart:28:32 • deprecated_member_use
   info • 'withOpacity' is deprecated and shouldn't be used. Use .withValues() to avoid precision loss • lib/design_system/widgets/library_tabs.dart:72:41 • deprecated_member_use
warning • Unused import: 'package:flutter_svg/flutter_svg.dart' • lib/design_system/widgets/page_background.dart:3:8 • unused_import
   info • Use 'package:' imports for files in the 'lib' directory • lib/design_system/widgets/page_background.dart:4:8 • always_use_package_imports
   info • Constructor declarations should be before non-constructor declarations • lib/design_system/widgets/page_background.dart:11:9 • sort_constructors_first
   info • Required named parameters should be before optional named parameters • lib/design_system/widgets/page_background.dart:11:50 • always_put_required_named_parameters_first
   info • 'withOpacity' is deprecated and shouldn't be used. Use .withValues() to avoid precision loss • lib/design_system/widgets/page_background.dart:33:40 • deprecated_member_use
   info • 'withOpacity' is deprecated and shouldn't be used. Use .withValues() to avoid precision loss • lib/design_system/widgets/page_background.dart:44:37 • deprecated_member_use
   info • Invalid use of 'default' member in a switch • lib/design_system/widgets/page_background.dart:76:7 • no_default_cases
warning • This default clause is covered by the previous cases • lib/design_system/widgets/page_background.dart:76:7 • unreachable_switch_default
   info • 'value' is deprecated and shouldn't be used. Use component accessors like .r or .g, or toARGB32 for an explicit conversion • lib/design_system/widgets/page_background.dart:89:22 • deprecated_member_use
   info • Constructor declarations should be before non-constructor declarations • lib/design_system/widgets/page_background.dart:96:9 • sort_constructors_first
   info • Use 'package:' imports for files in the 'lib' directory • lib/design_system/widgets/skeleton_card.dart:3:8 • always_use_package_imports
   info • Use 'package:' imports for files in the 'lib' directory • lib/design_system/widgets/skeleton_card.dart:4:8 • always_use_package_imports
   info • Sort directive sections alphabetically • lib/design_system/widgets/skeleton_card.dart:5:1 • directives_ordering
   info • Use 'package:' imports for files in the 'lib' directory • lib/design_system/widgets/skeleton_card.dart:5:8 • always_use_package_imports
   info • Use 'package:' imports for files in the 'lib' directory • lib/features/duas/data/datasources/duas_local_datasource.dart:3:8 • always_use_package_imports
   info • Use 'package:' imports for files in the 'lib' directory • lib/features/duas/data/models/dua_model.dart:1:8 • always_use_package_imports
   info • Constructor declarations should be before non-constructor declarations • lib/features/duas/data/models/dua_model.dart:27:11 • sort_constructors_first
   info • Constructor declarations should be before non-constructor declarations • lib/features/duas/data/models/dua_model.dart:82:11 • sort_constructors_first
   info • Use 'package:' imports for files in the 'lib' directory • lib/features/duas/data/repositories/duas_repository_impl.dart:1:8 • always_use_package_imports
   info • Use 'package:' imports for files in the 'lib' directory • lib/features/duas/data/repositories/duas_repository_impl.dart:2:8 • always_use_package_imports
   info • Use 'package:' imports for files in the 'lib' directory • lib/features/duas/data/repositories/duas_repository_impl.dart:3:8 • always_use_package_imports
   info • Use 'package:' imports for files in the 'lib' directory • lib/features/duas/domain/repositories/duas_repository.dart:1:8 • always_use_package_imports
   info • Use 'package:' imports for files in the 'lib' directory • lib/features/duas/providers/duas_providers.dart:2:8 • always_use_package_imports
   info • Use 'package:' imports for files in the 'lib' directory • lib/features/duas/providers/duas_providers.dart:3:8 • always_use_package_imports
   info • Use 'package:' imports for files in the 'lib' directory • lib/features/duas/providers/duas_providers.dart:4:8 • always_use_package_imports
   info • Use 'package:' imports for files in the 'lib' directory • lib/features/duas/providers/duas_providers.dart:5:8 • always_use_package_imports
   info • Use 'package:' imports for files in the 'lib' directory • lib/features/lessons/data/datasources/lessons_local_datasource.dart:3:8 • always_use_package_imports
   info • Use 'package:' imports for files in the 'lib' directory • lib/features/lessons/data/models/lesson_model.dart:1:8 • always_use_package_imports
   info • Constructor declarations should be before non-constructor declarations • lib/features/lessons/data/models/lesson_model.dart:25:11 • sort_constructors_first
   info • Use 'package:' imports for files in the 'lib' directory • lib/features/lessons/data/repositories/lessons_repository_impl.dart:1:8 • always_use_package_imports
   info • Use 'package:' imports for files in the 'lib' directory • lib/features/lessons/data/repositories/lessons_repository_impl.dart:2:8 • always_use_package_imports
   info • Use 'package:' imports for files in the 'lib' directory • lib/features/lessons/data/repositories/lessons_repository_impl.dart:3:8 • always_use_package_imports
   info • Use 'package:' imports for files in the 'lib' directory • lib/features/lessons/domain/repositories/lessons_repository.dart:1:8 • always_use_package_imports
   info • Use 'package:' imports for files in the 'lib' directory • lib/features/lessons/providers/lessons_providers.dart:2:8 • always_use_package_imports
   info • Use 'package:' imports for files in the 'lib' directory • lib/features/lessons/providers/lessons_providers.dart:3:8 • always_use_package_imports
   info • Use 'package:' imports for files in the 'lib' directory • lib/features/lessons/providers/lessons_providers.dart:4:8 • always_use_package_imports
   info • Use 'package:' imports for files in the 'lib' directory • lib/features/lessons/providers/lessons_providers.dart:5:8 • always_use_package_imports
   info • Sort directive sections alphabetically • lib/features/onboarding/presentation/pages/journey_summary_page.dart:4:1 • directives_ordering
   info • Use 'package:' imports for files in the 'lib' directory • lib/features/onboarding/presentation/pages/journey_summary_page.dart:6:8 • always_use_package_imports
   info • Use 'package:' imports for files in the 'lib' directory • lib/features/onboarding/presentation/pages/journey_summary_page.dart:7:8 • always_use_package_imports
   info • Use 'package:' imports for files in the 'lib' directory • lib/features/onboarding/presentation/pages/journey_summary_page.dart:8:8 • always_use_package_imports
   info • Use 'package:' imports for files in the 'lib' directory • lib/features/onboarding/presentation/pages/journey_summary_page.dart:9:8 • always_use_package_imports
   info • 'withOpacity' is deprecated and shouldn't be used. Use .withValues() to avoid precision loss • lib/features/onboarding/presentation/pages/journey_summary_page.dart:29:36 • deprecated_member_use
   info • 'withOpacity' is deprecated and shouldn't be used. Use .withValues() to avoid precision loss • lib/features/onboarding/presentation/pages/journey_summary_page.dart:37:40 • deprecated_member_use
   info • 'withOpacity' is deprecated and shouldn't be used. Use .withValues() to avoid precision loss • lib/features/onboarding/presentation/pages/journey_summary_page.dart:45:39 • deprecated_member_use
   info • An 'async' function should have a 'Future' return type when it doesn't return a value • lib/features/onboarding/presentation/pages/journey_summary_page.dart:49:8 • avoid_void_async
warning • The type argument(s) of the constructor 'Future.delayed' can't be inferred • lib/features/onboarding/presentation/pages/journey_summary_page.dart:56:11 • inference_failure_on_instance_creation
   info • Unnecessary use of a 'double' literal • lib/features/onboarding/presentation/pages/journey_summary_page.dart:78:67 • prefer_int_literals
   info • Unnecessary use of a 'double' literal • lib/features/onboarding/presentation/pages/journey_summary_page.dart:78:83 • prefer_int_literals
   info • Unnecessary use of double quotes • lib/features/onboarding/presentation/pages/journey_summary_page.dart:92:28 • prefer_single_quotes
  error • The method 'copyWith' isn't defined for the type 'Function' • lib/features/onboarding/presentation/pages/journey_summary_page.dart:92:72 • undefined_method
   info • Unnecessary use of a 'double' literal • lib/features/onboarding/presentation/pages/journey_summary_page.dart:99:56 • prefer_int_literals
   info • Unnecessary use of a 'double' literal • lib/features/onboarding/presentation/pages/journey_summary_page.dart:115:69 • prefer_int_literals
   info • Unnecessary use of a 'double' literal • lib/features/onboarding/presentation/pages/journey_summary_page.dart:115:85 • prefer_int_literals
   info • 'withOpacity' is deprecated and shouldn't be used. Use .withValues() to avoid precision loss • lib/features/onboarding/presentation/pages/journey_summary_page.dart:125:59 • deprecated_member_use
   info • Unnecessary use of double quotes • lib/features/onboarding/presentation/pages/journey_summary_page.dart:132:32 • prefer_single_quotes
  error • The method 'copyWith' isn't defined for the type 'Function' • lib/features/onboarding/presentation/pages/journey_summary_page.dart:133:56 • undefined_method
  error • The method 'copyWith' isn't defined for the type 'Function' • lib/features/onboarding/presentation/pages/journey_summary_page.dart:139:58 • undefined_method
   info • Unnecessary use of a 'double' literal • lib/features/onboarding/presentation/pages/journey_summary_page.dart:157:69 • prefer_int_literals
   info • Unnecessary use of parentheses • lib/features/onboarding/presentation/pages/journey_summary_page.dart:172:47 • unnecessary_parenthesis
  error • The method 'copyWith' isn't defined for the type 'Function' • lib/features/onboarding/presentation/pages/journey_summary_page.dart:184:74 • undefined_method
  error • The method 'copyWith' isn't defined for the type 'Function' • lib/features/onboarding/presentation/pages/journey_summary_page.dart:193:71 • undefined_method
  error • The method 'copyWith' isn't defined for the type 'Function' • lib/features/onboarding/presentation/pages/journey_summary_page.dart:198:74 • undefined_method
   info • The value of the argument is redundant because it matches the default value • lib/features/onboarding/presentation/pages/journey_summary_page.dart:219:39 • avoid_redundant_argument_values
   info • Unnecessary use of a 'double' literal • lib/features/onboarding/presentation/pages/journey_summary_page.dart:242:60 • prefer_int_literals
   info • Unnecessary use of double quotes • lib/features/onboarding/presentation/pages/journey_summary_page.dart:263:19 • prefer_single_quotes
   info • Unnecessary use of double quotes • lib/features/onboarding/presentation/pages/journey_summary_page.dart:264:19 • prefer_single_quotes
   info • Unnecessary use of double quotes • lib/features/onboarding/presentation/pages/journey_summary_page.dart:265:19 • prefer_single_quotes
   info • Unnecessary use of double quotes • lib/features/onboarding/presentation/pages/journey_summary_page.dart:266:19 • prefer_single_quotes
   info • Sort directive sections alphabetically • lib/features/onboarding/presentation/pages/learning_goal_page.dart:4:1 • directives_ordering
   info • Use 'package:' imports for files in the 'lib' directory • lib/features/onboarding/presentation/pages/learning_goal_page.dart:6:8 • always_use_package_imports
   info • Use 'package:' imports for files in the 'lib' directory • lib/features/onboarding/presentation/pages/learning_goal_page.dart:7:8 • always_use_package_imports
   info • Use 'package:' imports for files in the 'lib' directory • lib/features/onboarding/presentation/pages/learning_goal_page.dart:8:8 • always_use_package_imports
   info • Use 'package:' imports for files in the 'lib' directory • lib/features/onboarding/presentation/pages/learning_goal_page.dart:9:8 • always_use_package_imports
warning • Unused import: '../../../../design_system/widgets/app_card.dart' • lib/features/onboarding/presentation/pages/learning_goal_page.dart:9:8 • unused_import
   info • Unnecessary use of a 'double' literal • lib/features/onboarding/presentation/pages/learning_goal_page.dart:58:63 • prefer_int_literals
   info • Unnecessary use of a 'double' literal • lib/features/onboarding/presentation/pages/learning_goal_page.dart:58:79 • prefer_int_literals
   info • Unnecessary use of double quotes • lib/features/onboarding/presentation/pages/learning_goal_page.dart:72:24 • prefer_single_quotes
  error • The method 'copyWith' isn't defined for the type 'Function' • lib/features/onboarding/presentation/pages/learning_goal_page.dart:72:68 • undefined_method
   info • Unnecessary use of a 'double' literal • lib/features/onboarding/presentation/pages/learning_goal_page.dart:79:52 • prefer_int_literals
   info • Unnecessary use of a 'double' literal • lib/features/onboarding/presentation/pages/learning_goal_page.dart:95:65 • prefer_int_literals
   info • Unnecessary use of a 'double' literal • lib/features/onboarding/presentation/pages/learning_goal_page.dart:95:81 • prefer_int_literals
   info • 'withOpacity' is deprecated and shouldn't be used. Use .withValues() to avoid precision loss • lib/features/onboarding/presentation/pages/learning_goal_page.dart:107:54 • deprecated_member_use
   info • Use 'const' with the constructor to improve performance • lib/features/onboarding/presentation/pages/learning_goal_page.dart:113:25 • prefer_const_constructors
   info • Use 'const' with the constructor to improve performance • lib/features/onboarding/presentation/pages/learning_goal_page.dart:114:34 • prefer_const_constructors
   info • Use 'const' with the constructor to improve performance • lib/features/onboarding/presentation/pages/learning_goal_page.dart:117:31 • prefer_const_constructors
   info • Unnecessary use of double quotes • lib/features/onboarding/presentation/pages/learning_goal_page.dart:118:33 • prefer_single_quotes
  error • The argument type 'TextStyle Function({Color? color})' can't be assigned to the parameter type 'TextStyle?'.  • lib/features/onboarding/presentation/pages/learning_goal_page.dart:119:40 • argument_type_not_assignable
   info • Unnecessary use of double quotes • lib/features/onboarding/presentation/pages/learning_goal_page.dart:123:33 • prefer_single_quotes
  error • The method 'copyWith' isn't defined for the type 'Function' • lib/features/onboarding/presentation/pages/learning_goal_page.dart:124:59 • undefined_method
   info • Unnecessary use of a 'double' literal • lib/features/onboarding/presentation/pages/learning_goal_page.dart:141:64 • prefer_int_literals
   info • 'withOpacity' is deprecated and shouldn't be used. Use .withValues() to avoid precision loss • lib/features/onboarding/presentation/pages/learning_goal_page.dart:148:69 • deprecated_member_use
  error • The method 'copyWith' isn't defined for the type 'Function' • lib/features/onboarding/presentation/pages/learning_goal_page.dart:169:67 • undefined_method
  error • The method 'copyWith' isn't defined for the type 'Function' • lib/features/onboarding/presentation/pages/learning_goal_page.dart:176:69 • undefined_method
   info • The value of the argument is redundant because it matches the default value • lib/features/onboarding/presentation/pages/learning_goal_page.dart:215:34 • avoid_redundant_argument_values
   info • Sort directive sections alphabetically • lib/features/onboarding/presentation/pages/shahada_date_page.dart:4:1 • directives_ordering
   info • Sort directive sections alphabetically • lib/features/onboarding/presentation/pages/shahada_date_page.dart:6:1 • directives_ordering
   info • Use 'package:' imports for files in the 'lib' directory • lib/features/onboarding/presentation/pages/shahada_date_page.dart:7:8 • always_use_package_imports
   info • Use 'package:' imports for files in the 'lib' directory • lib/features/onboarding/presentation/pages/shahada_date_page.dart:8:8 • always_use_package_imports
   info • Use 'package:' imports for files in the 'lib' directory • lib/features/onboarding/presentation/pages/shahada_date_page.dart:9:8 • always_use_package_imports
   info • Use 'package:' imports for files in the 'lib' directory • lib/features/onboarding/presentation/pages/shahada_date_page.dart:10:8 • always_use_package_imports
   info • An 'async' function should have a 'Future' return type when it doesn't return a value • lib/features/onboarding/presentation/pages/shahada_date_page.dart:23:8 • avoid_void_async
   info • Unnecessary use of double quotes • lib/features/onboarding/presentation/pages/shahada_date_page.dart:50:33 • prefer_single_quotes
   info • Unnecessary use of double quotes • lib/features/onboarding/presentation/pages/shahada_date_page.dart:67:19 • prefer_single_quotes
   info • Unnecessary use of a 'double' literal • lib/features/onboarding/presentation/pages/shahada_date_page.dart:80:63 • prefer_int_literals
   info • Unnecessary use of a 'double' literal • lib/features/onboarding/presentation/pages/shahada_date_page.dart:80:79 • prefer_int_literals
   info • Unnecessary use of double quotes • lib/features/onboarding/presentation/pages/shahada_date_page.dart:94:24 • prefer_single_quotes
  error • The method 'copyWith' isn't defined for the type 'Function' • lib/features/onboarding/presentation/pages/shahada_date_page.dart:94:68 • undefined_method
   info • Unnecessary use of a 'double' literal • lib/features/onboarding/presentation/pages/shahada_date_page.dart:101:52 • prefer_int_literals
   info • Unnecessary use of a 'double' literal • lib/features/onboarding/presentation/pages/shahada_date_page.dart:117:65 • prefer_int_literals
   info • Unnecessary use of a 'double' literal • lib/features/onboarding/presentation/pages/shahada_date_page.dart:117:81 • prefer_int_literals
   info • 'withOpacity' is deprecated and shouldn't be used. Use .withValues() to avoid precision loss • lib/features/onboarding/presentation/pages/shahada_date_page.dart:129:54 • deprecated_member_use
   info • Use 'const' with the constructor to improve performance • lib/features/onboarding/presentation/pages/shahada_date_page.dart:135:25 • prefer_const_constructors
   info • Use 'const' with the constructor to improve performance • lib/features/onboarding/presentation/pages/shahada_date_page.dart:136:34 • prefer_const_constructors
   info • Use 'const' with the constructor to improve performance • lib/features/onboarding/presentation/pages/shahada_date_page.dart:139:31 • prefer_const_constructors
   info • Unnecessary use of double quotes • lib/features/onboarding/presentation/pages/shahada_date_page.dart:140:33 • prefer_single_quotes
  error • The argument type 'TextStyle Function({Color? color})' can't be assigned to the parameter type 'TextStyle?'.  • lib/features/onboarding/presentation/pages/shahada_date_page.dart:141:40 • argument_type_not_assignable
   info • Unnecessary use of double quotes • lib/features/onboarding/presentation/pages/shahada_date_page.dart:145:33 • prefer_single_quotes
  error • The method 'copyWith' isn't defined for the type 'Function' • lib/features/onboarding/presentation/pages/shahada_date_page.dart:146:59 • undefined_method
   info • Unnecessary use of double quotes • lib/features/onboarding/presentation/pages/shahada_date_page.dart:177:37 • prefer_single_quotes
  error • The method 'copyWith' isn't defined for the type 'Function' • lib/features/onboarding/presentation/pages/shahada_date_page.dart:179:56 • undefined_method
  error • The method 'copyWith' isn't defined for the type 'Function' • lib/features/onboarding/presentation/pages/shahada_date_page.dart:180:56 • undefined_method
   info • Unnecessary use of a 'double' literal • lib/features/onboarding/presentation/pages/shahada_date_page.dart:189:61 • prefer_int_literals
   info • Unnecessary use of a 'double' literal • lib/features/onboarding/presentation/pages/shahada_date_page.dart:189:72 • prefer_int_literals
  error • The method 'copyWith' isn't defined for the type 'Function' • lib/features/onboarding/presentation/pages/shahada_date_page.dart:192:56 • undefined_method
   info • Unnecessary use of double quotes • lib/features/onboarding/presentation/pages/shahada_date_page.dart:204:29 • prefer_single_quotes
  error • The method 'copyWith' isn't defined for the type 'Function' • lib/features/onboarding/presentation/pages/shahada_date_page.dart:205:57 • undefined_method
   info • The value of the argument is redundant because it matches the default value • lib/features/onboarding/presentation/pages/shahada_date_page.dart:219:38 • avoid_redundant_argument_values
   info • Sort directive sections alphabetically • lib/features/onboarding/presentation/pages/welcome_page.dart:4:1 • directives_ordering
   info • Use 'package:' imports for files in the 'lib' directory • lib/features/onboarding/presentation/pages/welcome_page.dart:6:8 • always_use_package_imports
   info • Use 'package:' imports for files in the 'lib' directory • lib/features/onboarding/presentation/pages/welcome_page.dart:7:8 • always_use_package_imports
   info • Use 'package:' imports for files in the 'lib' directory • lib/features/onboarding/presentation/pages/welcome_page.dart:8:8 • always_use_package_imports
   info • The value of the argument is redundant because it matches the default value • lib/features/onboarding/presentation/pages/welcome_page.dart:28:30 • avoid_redundant_argument_values
   info • Unnecessary use of a 'double' literal • lib/features/onboarding/presentation/pages/welcome_page.dart:30:92 • prefer_int_literals
   info • Unnecessary use of a 'double' literal • lib/features/onboarding/presentation/pages/welcome_page.dart:30:97 • prefer_int_literals
   info • 'withOpacity' is deprecated and shouldn't be used. Use .withValues() to avoid precision loss • lib/features/onboarding/presentation/pages/welcome_page.dart:46:48 • deprecated_member_use
   info • 'withOpacity' is deprecated and shouldn't be used. Use .withValues() to avoid precision loss • lib/features/onboarding/presentation/pages/welcome_page.dart:64:50 • deprecated_member_use
   info • Unnecessary use of a 'double' literal • lib/features/onboarding/presentation/pages/welcome_page.dart:85:63 • prefer_int_literals
   info • Unnecessary use of a 'double' literal • lib/features/onboarding/presentation/pages/welcome_page.dart:85:79 • prefer_int_literals
   info • Unnecessary use of a 'double' literal • lib/features/onboarding/presentation/pages/welcome_page.dart:93:73 • prefer_int_literals
  error • The method 'copyWith' isn't defined for the type 'Function' • lib/features/onboarding/presentation/pages/welcome_page.dart:97:60 • undefined_method
   info • Use 'const' literals as arguments to constructors of '@immutable' classes • lib/features/onboarding/presentation/pages/welcome_page.dart:101:39 • prefer_const_literals_to_create_immutables
   info • Use 'const' with the constructor to improve performance • lib/features/onboarding/presentation/pages/welcome_page.dart:103:31 • prefer_const_constructors
   info • Use 'const' with the constructor to improve performance • lib/features/onboarding/presentation/pages/welcome_page.dart:105:40 • prefer_const_constructors
  error • The method 'copyWith' isn't defined for the type 'Function' • lib/features/onboarding/presentation/pages/welcome_page.dart:117:51 • undefined_method
   info • The value of the argument is redundant because it matches the default value • lib/features/onboarding/presentation/pages/welcome_page.dart:136:36 • avoid_redundant_argument_values
  error • The method 'copyWith' isn't defined for the type 'Function' • lib/features/onboarding/presentation/pages/welcome_page.dart:147:54 • undefined_method
   info • Use 'package:' imports for files in the 'lib' directory • lib/main.dart:4:8 • always_use_package_imports
   info • Dependencies not sorted alphabetically • pubspec.yaml:41:3 • sort_pub_dependencies
   info • Dependencies not sorted alphabetically • pubspec.yaml:63:3 • sort_pub_dependencies
   info • Sort directive sections alphabetically • test/widget_test.dart:11:1 • directives_ordering
  error • The name 'MyApp' isn't a class • test/widget_test.dart:16:35 • creation_with_non_type

298 issues found. (ran in 1.9s)
